// Jest Snapshot v1, https://goo.gl/fbAQLP

exports[`Should hash tile index as xxxx-xxxx-xxxx-xxxx 1`] = `"b2e1-1e3c-843e-65cf"`;
